---
source: baumstamm-lib/src/graph.rs
expression: person_layers
---
[
    [
        0,
        1,
    ],
    [
        5,
        2,
        3,
        4,
        7,
        8,
        9,
        A,
        B,
        6,
    ],
]
