---
source: baumstamm-lib/src/graph.rs
expression: layers
---
[
    [
        0,
        1,
    ],
    [
        3,
        2,
    ],
]
