---
source: baumstamm-lib/src/graph.rs
expression: person_layers
---
[
    [
        0,
        1,
    ],
    [
        2,
        0,
        3,
        1,
    ],
]
