---
source: baumstamm-lib/src/graph.rs
expression: layers
---
[
    [
        0,
    ],
    [
        4,
    ],
    [
        5,
    ],
    [
        6,
        1,
    ],
    [
        7,
        2,
    ],
    [
        9,
        3,
    ],
    [
        A,
        8,
    ],
    [
        B,
    ],
]
