---
source: baumstamm-lib/src/graph.rs
expression: layers
---
[
    [
        0,
        1,
    ],
    [
        6,
        2,
        8,
        10,
        12,
        7,
    ],
    [
        3,
        4,
        5,
        9,
        11,
    ],
]
