---
source: baumstamm-lib/src/graph.rs
expression: cut_graph
---
CutGraph(
    Graph {
        sources: [
            0,
            1,
            6,
            7,
            8,
            10,
            12,
        ],
        nodes: [
            Node {
                value: 0,
                children: [
                    2,
                ],
            },
            Node {
                value: 1,
                children: [
                    2,
                ],
            },
            Node {
                value: 2,
                children: [
                    3,
                    4,
                    5,
                ],
            },
            Node {
                value: 3,
                children: [],
            },
            Node {
                value: 4,
                children: [],
            },
            Node {
                value: 5,
                children: [],
            },
            Node {
                value: 6,
                children: [
                    3,
                ],
            },
            Node {
                value: 7,
                children: [
                    4,
                ],
            },
            Node {
                value: 8,
                children: [
                    5,
                    9,
                ],
            },
            Node {
                value: 9,
                children: [],
            },
            Node {
                value: 10,
                children: [
                    9,
                    11,
                ],
            },
            Node {
                value: 11,
                children: [],
            },
            Node {
                value: 12,
                children: [
                    11,
                ],
            },
        ],
    },
)
