---
source: baumstamm-lib/src/graph.rs
expression: layers
---
[
    [
        0,
    ],
    [
        1,
        3,
        7,
    ],
    [
        4,
        5,
        2,
        6,
    ],
    [
        8,
    ],
]
