---
source: baumstamm-lib/src/tree/graph.rs
expression: layers
---
[
    [
        0,
        7,
        1,
    ],
    [
        2,
        4,
        5,
        6,
        3,
    ],
    [
        8,
    ],
]
